---
source: packages/nemo-parser/tests/types.rs
expression: err_buf
input_file: packages/nemo-parser/tests/type_errors/type_mismatch.nemo
---
[Parsing error] Error: expected SEMICOLON
   ╭─[source:1:13]
   │
 1 │ let x : i32 = 10.0
   │                   ┬  
   │                   ╰── expected SEMICOLON
───╯

[15] Error: Type mismatch. Expected i32, but got f32
   ╭─[source:1:13]
   │
 1 │ let x : i32 = 10.0
   │               ──┬─  
   │                 ╰─── Expected type: 'i32', but got 'f32'
───╯


