---
source: crates/cli/tests/lib.rs
info:
  program: nemo
  args:
    - check
    - tests/check/unknown_type.nemo
input_file: crates/cli/tests/check/unknown_type.nemo
---
success: false
exit_code: 1
----- stdout -----

----- stderr -----
[31m[07] Error:[0m Unknown type Unknown
   [38;5;246mâ•­[0m[38;5;246mâ”€[0m[38;5;246m[[0msource:1:13[38;5;246m][0m
   [38;5;246mâ”‚[0m
 [38;5;246m1 â”‚[0m [38;5;249mf[0m[38;5;249mn[0m[38;5;249m [0m[38;5;249mm[0m[38;5;249ma[0m[38;5;249mi[0m[38;5;249mn[0m[38;5;249m([0m[38;5;249m)[0m[38;5;249m [0m[38;5;249m-[0m[38;5;249m>[0m[38;5;249m [0mUnknown[38;5;249m [0m[38;5;249m{[0m[38;5;249m}[0m
 [38;5;240m  â”‚[0m              â”€â”€â”€â”¬â”€â”€â”€  
 [38;5;240m  â”‚[0m                 â•°â”€â”€â”€â”€â”€ Unknown type Unknown
[38;5;246mâ”€â”€â”€â•¯[0m

Error: "Check failed with 1 errors"
