---
source: crates/cli/tests/lib.rs
info:
  program: nemo
  args:
    - check
    - tests/check/missing_field.nemo
input_file: crates/cli/tests/check/missing_field.nemo
---
success: false
exit_code: 1
----- stdout -----

----- stderr -----
[31m[14] Error:[0m Missing field. F.x was not provided
   [38;5;246mâ•­[0m[38;5;246mâ”€[0m[38;5;246m[[0msource:2:2[38;5;246m][0m
   [38;5;246mâ”‚[0m
 [38;5;246m6 â”‚[0m [38;5;249m [0m[38;5;249m [0mF[38;5;249m [0m[38;5;249m{[0m[38;5;249m [0m[38;5;249m}[0m
 [38;5;240m  â”‚[0m   â”¬  
 [38;5;240m  â”‚[0m   â•°â”€â”€ Missing field. F.x was not provided
[38;5;246mâ”€â”€â”€â•¯[0m

Error: "Check failed with 1 errors"
