---
source: crates/cli/tests/lib.rs
info:
  program: nemo
  args:
    - check
    - tests/check/ty_arg_count_mismatch.nemo
input_file: crates/cli/tests/check/ty_arg_count_mismatch.nemo
---
success: false
exit_code: 1
----- stdout -----
[31m[22] Error:[0m Mismatched type arg count. Expected 2 arguments, but got 0
    [38;5;246mâ•­[0m[38;5;246mâ”€[0m[38;5;246m[[0mtests/check/ty_arg_count_mismatch.nemo:1:13[38;5;246m][0m
    [38;5;246mâ”‚[0m
 [38;5;246m15 â”‚[0m [38;5;249m [0m[38;5;249m [0m[38;5;249ml[0m[38;5;249me[0m[38;5;249mt[0m[38;5;249m [0m[38;5;249mx[0m[38;5;249m [0m[38;5;249m:[0m[38;5;249m [0mBox [38;5;249m=[0m[38;5;249m [0m[38;5;249mB[0m[38;5;249mo[0m[38;5;249mx[0m[38;5;249m#[0m[38;5;249m[[0m[38;5;249mi[0m[38;5;249m3[0m[38;5;249m2[0m[38;5;249m,[0m[38;5;249m [0m[38;5;249mi[0m[38;5;249m3[0m[38;5;249m2[0m[38;5;249m][0m[38;5;249m{[0m[38;5;249m [0m[38;5;249ma[0m[38;5;249m [0m[38;5;249m=[0m[38;5;249m [0m[38;5;249m1[0m[38;5;249m,[0m[38;5;249m [0m[38;5;249mb[0m[38;5;249m [0m[38;5;249m=[0m[38;5;249m [0m[38;5;249m2[0m[38;5;249m [0m[38;5;249m}[0m[38;5;249m;[0m
 [38;5;240m   â”‚[0m           â”€â”€â”¬â”€  
 [38;5;240m   â”‚[0m             â•°â”€â”€â”€ Mismatched type arg count. Expected 2 arguments, but got 0
[38;5;246mâ”€â”€â”€â”€â•¯[0m

[31m[22] Error:[0m Mismatched type arg count. Expected 2 arguments, but got 1
    [38;5;246mâ•­[0m[38;5;246mâ”€[0m[38;5;246m[[0mtests/check/ty_arg_count_mismatch.nemo:1:13[38;5;246m][0m
    [38;5;246mâ”‚[0m
 [38;5;246m16 â”‚[0m [38;5;249m [0m[38;5;249m [0m[38;5;249ml[0m[38;5;249me[0m[38;5;249mt[0m[38;5;249m [0m[38;5;249mx[0m[38;5;249m [0m[38;5;249m:[0m[38;5;249m [0mBox[i32][38;5;249m [0m[38;5;249m=[0m[38;5;249m [0m[38;5;249mB[0m[38;5;249mo[0m[38;5;249mx[0m[38;5;249m#[0m[38;5;249m[[0m[38;5;249mi[0m[38;5;249m3[0m[38;5;249m2[0m[38;5;249m,[0m[38;5;249m [0m[38;5;249mi[0m[38;5;249m3[0m[38;5;249m2[0m[38;5;249m][0m[38;5;249m{[0m[38;5;249m [0m[38;5;249ma[0m[38;5;249m [0m[38;5;249m=[0m[38;5;249m [0m[38;5;249m1[0m[38;5;249m,[0m[38;5;249m [0m[38;5;249mb[0m[38;5;249m [0m[38;5;249m=[0m[38;5;249m [0m[38;5;249m2[0m[38;5;249m [0m[38;5;249m}[0m[38;5;249m;[0m
 [38;5;240m   â”‚[0m           â”€â”€â”€â”€â”¬â”€â”€â”€  
 [38;5;240m   â”‚[0m               â•°â”€â”€â”€â”€â”€ Mismatched type arg count. Expected 2 arguments, but got 1
[38;5;246mâ”€â”€â”€â”€â•¯[0m

[31m[22] Error:[0m Mismatched type arg count. Expected 2 arguments, but got 1
    [38;5;246mâ•­[0m[38;5;246mâ”€[0m[38;5;246m[[0mtests/check/ty_arg_count_mismatch.nemo:1:13[38;5;246m][0m
    [38;5;246mâ”‚[0m
 [38;5;246m17 â”‚[0m [38;5;249m [0m[38;5;249m [0mfunc[38;5;249m#[0m[38;5;249m[[0m[38;5;249mi[0m[38;5;249m3[0m[38;5;249m2[0m[38;5;249m][0m[38;5;249m([0m[38;5;249m3[0m[38;5;249m)[0m[38;5;249m;[0m
 [38;5;240m   â”‚[0m   â”€â”€â”¬â”€  
 [38;5;240m   â”‚[0m     â•°â”€â”€â”€ Mismatched type arg count. Expected 2 arguments, but got 1
[38;5;246mâ”€â”€â”€â”€â•¯[0m

[31m[22] Error:[0m Mismatched type arg count. Expected 2 arguments, but got 1
    [38;5;246mâ•­[0m[38;5;246mâ”€[0m[38;5;246m[[0mtests/check/ty_arg_count_mismatch.nemo:1:13[38;5;246m][0m
    [38;5;246mâ”‚[0m
 [38;5;246m18 â”‚[0m [38;5;249m [0m[38;5;249m [0mBox#[i32] { a = 1, b = 2 }[38;5;249m;[0m
 [38;5;240m   â”‚[0m   â”€â”€â”€â”€â”€â”€â”€â”€â”€â”€â”€â”€â”€â”¬â”€â”€â”€â”€â”€â”€â”€â”€â”€â”€â”€â”€  
 [38;5;240m   â”‚[0m                â•°â”€â”€â”€â”€â”€â”€â”€â”€â”€â”€â”€â”€â”€â”€ Mismatched type arg count. Expected 2 arguments, but got 1
[38;5;246mâ”€â”€â”€â”€â•¯[0m

[31m[22] Error:[0m Mismatched type arg count. Expected 1 argument, but got 2
    [38;5;246mâ•­[0m[38;5;246mâ”€[0m[38;5;246m[[0mtests/check/ty_arg_count_mismatch.nemo:1:13[38;5;246m][0m
    [38;5;246mâ”‚[0m
 [38;5;246m19 â”‚[0m [38;5;249m [0m[38;5;249m [0mList::Nil#[i32, f32] {}[38;5;249m;[0m
 [38;5;240m   â”‚[0m   â”€â”€â”€â”€â”€â”€â”€â”€â”€â”€â”€â”¬â”€â”€â”€â”€â”€â”€â”€â”€â”€â”€â”€  
 [38;5;240m   â”‚[0m              â•°â”€â”€â”€â”€â”€â”€â”€â”€â”€â”€â”€â”€â”€ Mismatched type arg count. Expected 1 argument, but got 2
[38;5;246mâ”€â”€â”€â”€â•¯[0m


----- stderr -----
Error: "Check failed with 5 errors"
