---
source: crates/cli/tests/lib.rs
info:
  program: nemo
  args:
    - check
    - tests/check/cant_infer_type_param.nemo
input_file: crates/cli/tests/check/cant_infer_type_param.nemo
---
success: false
exit_code: 1
----- stdout -----
[31m[17] Error:[0m Can't infer type of an empty array
    [38;5;246mâ•­[0m[38;5;246mâ”€[0m[38;5;246m[[0mtests/check/cant_infer_type_param.nemo:1:13[38;5;246m][0m
    [38;5;246mâ”‚[0m
 [38;5;246m11 â”‚[0m [38;5;249m [0m[38;5;249m [0m[38;5;249ml[0m[38;5;249me[0m[38;5;249mt[0m[38;5;249m [0m[38;5;249ms[0m[38;5;249m [0m[38;5;249m=[0m[38;5;249m [0m[38;5;249mS[0m[38;5;249m [0m[38;5;249m{[0m[38;5;249m [0m[38;5;249ma[0m[38;5;249m [0m[38;5;249m=[0m[38;5;249m [0m[38;5;249m1[0m[38;5;249m0[0m[38;5;249m,[0m[38;5;249m [0m[38;5;249mb[0m[38;5;249m [0m[38;5;249m=[0m[38;5;249m [0m[][38;5;249m [0m[38;5;249m}[0m[38;5;249m;[0m
 [38;5;240m   â”‚[0m                           â”€â”¬  
 [38;5;240m   â”‚[0m                            â•°â”€â”€ Can't infer type of an empty array
[38;5;246mâ”€â”€â”€â”€â•¯[0m

[31m[26] Error:[0m Can't infer type parameter 'b'. Explicitly supply the instantiation
    [38;5;246mâ•­[0m[38;5;246mâ”€[0m[38;5;246m[[0mtests/check/cant_infer_type_param.nemo:1:13[38;5;246m][0m
    [38;5;246mâ”‚[0m
 [38;5;246m11 â”‚[0m [38;5;249m [0m[38;5;249m [0m[38;5;249ml[0m[38;5;249me[0m[38;5;249mt[0m[38;5;249m [0m[38;5;249ms[0m[38;5;249m [0m[38;5;249m=[0m[38;5;249m [0mS[38;5;249m [0m[38;5;249m{[0m[38;5;249m [0m[38;5;249ma[0m[38;5;249m [0m[38;5;249m=[0m[38;5;249m [0m[38;5;249m1[0m[38;5;249m0[0m[38;5;249m,[0m[38;5;249m [0m[38;5;249mb[0m[38;5;249m [0m[38;5;249m=[0m[38;5;249m [0m[38;5;249m[[0m[38;5;249m][0m[38;5;249m [0m[38;5;249m}[0m[38;5;249m;[0m
 [38;5;240m   â”‚[0m           â”¬  
 [38;5;240m   â”‚[0m           â•°â”€â”€ Can't infer type parameter 'b'. Explicitly supply the instantiation
[38;5;246mâ”€â”€â”€â”€â•¯[0m

[31m[17] Error:[0m Can't infer type of an empty array
    [38;5;246mâ•­[0m[38;5;246mâ”€[0m[38;5;246m[[0mtests/check/cant_infer_type_param.nemo:1:13[38;5;246m][0m
    [38;5;246mâ”‚[0m
 [38;5;246m12 â”‚[0m [38;5;249m [0m[38;5;249m [0m[38;5;249mp[0m[38;5;249mo[0m[38;5;249ml[0m[38;5;249my[0m[38;5;249mF[0m[38;5;249m([0m[38;5;249m1[0m[38;5;249m0[0m[38;5;249m,[0m[38;5;249m [0m[][38;5;249m)[0m[38;5;249m;[0m
 [38;5;240m   â”‚[0m             â”€â”¬  
 [38;5;240m   â”‚[0m              â•°â”€â”€ Can't infer type of an empty array
[38;5;246mâ”€â”€â”€â”€â•¯[0m

[31m[26] Error:[0m Can't infer type parameter 'b'. Explicitly supply the instantiation
    [38;5;246mâ•­[0m[38;5;246mâ”€[0m[38;5;246m[[0mtests/check/cant_infer_type_param.nemo:1:13[38;5;246m][0m
    [38;5;246mâ”‚[0m
 [38;5;246m12 â”‚[0m [38;5;249m [0m[38;5;249m [0mpolyF[38;5;249m([0m[38;5;249m1[0m[38;5;249m0[0m[38;5;249m,[0m[38;5;249m [0m[38;5;249m[[0m[38;5;249m][0m[38;5;249m)[0m[38;5;249m;[0m
 [38;5;240m   â”‚[0m   â”€â”€â”¬â”€â”€  
 [38;5;240m   â”‚[0m     â•°â”€â”€â”€â”€ Can't infer type parameter 'b'. Explicitly supply the instantiation
[38;5;246mâ”€â”€â”€â”€â•¯[0m


----- stderr -----
Error: "Check failed with 4 errors"
