---
source: crates/cli/tests/lib.rs
info:
  program: nemo
  args:
    - compile
    - tests/run/if.nemo
    - "--output"
    - tests/build/if.wasm
  env:
    RUST_BACKTRACE: "0"
input_file: crates/cli/tests/run/if.nemo
---
success: true
exit_code: 0
----- stdout -----

----- stderr -----
