---
source: crates/frontend/tests/lib.rs
expression: output
input_file: crates/frontend/tests/type_errors/type_mismatch.nemo
---
[15] Error: Type mismatch. Expected i32, but got f32
   ╭─[source:1:13]
   │
 1 │ global x : i32 = 10.0
   │                  ──┬─  
   │                    ╰─── Type mismatch. Expected i32, but got f32
───╯
[15] Error: Type mismatch. Expected fn (i32) -> i32, but got fn (f32) -> f32
   ╭─[source:1:13]
   │
 2 │ global my_fn : fn (i32) -> i32 = fn (x : f32) -> f32 { x }
   │                                  ────────────┬────────────  
   │                                              ╰────────────── Type mismatch. Expected fn (i32) -> i32, but got fn (f32) -> f32
───╯
