---
source: crates/frontend/tests/lib.rs
assertion_line: 104
expression: output
input_file: crates/frontend/tests/type_errors/missing_field.nemo
---
[14] Error: Missing field. F.x was not provided
   ╭─[source:2:2]
   │
 6 │   F { }
   │   ┬  
   │   ╰── Missing field. F.x was not provided
───╯
