---
source: crates/frontend/tests/parser.rs
expression: output
input_file: crates/frontend/tests/passing/toplevel.nemo
---
global _ = 0
global _ = 4242
global _ = 0b01010101
global _ = 0xDeAdBeE
global _ = 0x1aAbB2cC
global _ = true
global _ = false
global _ = 0.0
global _ = 0.1234
global _ = 1234.1234


// ---
Root@0..180
  TopGlobal@0..12
    GLOBAL_KW@0..6 "global"
    SPACE@6..7 " "
    IDENT@7..8 "_"
    SPACE@8..9 " "
    EQUALS@9..10 "="
    SPACE@10..11 " "
    ELit@11..12
      LitInt@11..12
        INT_LIT@11..12 "0"
  TopGlobal@12..28
    LINEFEED@12..13 "\n"
    GLOBAL_KW@13..19 "global"
    SPACE@19..20 " "
    IDENT@20..21 "_"
    SPACE@21..22 " "
    EQUALS@22..23 "="
    SPACE@23..24 " "
    ELit@24..28
      LitInt@24..28
        INT_LIT@24..28 "4242"
  TopGlobal@28..50
    LINEFEED@28..29 "\n"
    GLOBAL_KW@29..35 "global"
    SPACE@35..36 " "
    IDENT@36..37 "_"
    SPACE@37..38 " "
    EQUALS@38..39 "="
    SPACE@39..40 " "
    ELit@40..50
      LitInt@40..50
        BINARY_LIT@40..50 "0b01010101"
  TopGlobal@50..71
    LINEFEED@50..51 "\n"
    GLOBAL_KW@51..57 "global"
    SPACE@57..58 " "
    IDENT@58..59 "_"
    SPACE@59..60 " "
    EQUALS@60..61 "="
    SPACE@61..62 " "
    ELit@62..71
      LitInt@62..71
        HEX_LIT@62..71 "0xDeAdBeE"
  TopGlobal@71..93
    LINEFEED@71..72 "\n"
    GLOBAL_KW@72..78 "global"
    SPACE@78..79 " "
    IDENT@79..80 "_"
    SPACE@80..81 " "
    EQUALS@81..82 "="
    SPACE@82..83 " "
    ELit@83..93
      LitInt@83..93
        HEX_LIT@83..93 "0x1aAbB2cC"
  TopGlobal@93..109
    LINEFEED@93..94 "\n"
    GLOBAL_KW@94..100 "global"
    SPACE@100..101 " "
    IDENT@101..102 "_"
    SPACE@102..103 " "
    EQUALS@103..104 "="
    SPACE@104..105 " "
    ELit@105..109
      LitBool@105..109
        TRUE_KW@105..109 "true"
  TopGlobal@109..126
    LINEFEED@109..110 "\n"
    GLOBAL_KW@110..116 "global"
    SPACE@116..117 " "
    IDENT@117..118 "_"
    SPACE@118..119 " "
    EQUALS@119..120 "="
    SPACE@120..121 " "
    ELit@121..126
      LitBool@121..126
        FALSE_KW@121..126 "false"
  TopGlobal@126..141
    LINEFEED@126..127 "\n"
    GLOBAL_KW@127..133 "global"
    SPACE@133..134 " "
    IDENT@134..135 "_"
    SPACE@135..136 " "
    EQUALS@136..137 "="
    SPACE@137..138 " "
    ELit@138..141
      LitFloat@138..141
        FLOAT_LIT@138..141 "0.0"
  TopGlobal@141..159
    LINEFEED@141..142 "\n"
    GLOBAL_KW@142..148 "global"
    SPACE@148..149 " "
    IDENT@149..150 "_"
    SPACE@150..151 " "
    EQUALS@151..152 "="
    SPACE@152..153 " "
    ELit@153..159
      LitFloat@153..159
        FLOAT_LIT@153..159 "0.1234"
  TopGlobal@159..180
    LINEFEED@159..160 "\n"
    GLOBAL_KW@160..166 "global"
    SPACE@166..167 " "
    IDENT@167..168 "_"
    SPACE@168..169 " "
    EQUALS@169..170 "="
    SPACE@170..171 " "
    ELit@171..180
      LitFloat@171..180
        FLOAT_LIT@171..180 "1234.1234"
