---
source: packages/frontend/tests/parser.rs
expression: output
input_file: packages/frontend/tests/passing/toplevel.nemo
---
global _ = 0
global _ = 4242
global _ = true
global _ = false
global _ = 0.0
global _ = 0.1234
global _ = 1234.1234


---
Root@0..115
  TopGlobal@0..12
    GLOBAL_KW@0..6 "global"
    SPACE@6..7 " "
    IDENT@7..8 "_"
    SPACE@8..9 " "
    EQUALS@9..10 "="
    SPACE@10..11 " "
    ELit@11..12
      LitInt@11..12
        INT_LIT@11..12 "0"
  TopGlobal@12..28
    LINEFEED@12..13 "\n"
    GLOBAL_KW@13..19 "global"
    SPACE@19..20 " "
    IDENT@20..21 "_"
    SPACE@21..22 " "
    EQUALS@22..23 "="
    SPACE@23..24 " "
    ELit@24..28
      LitInt@24..28
        INT_LIT@24..28 "4242"
  TopGlobal@28..44
    LINEFEED@28..29 "\n"
    GLOBAL_KW@29..35 "global"
    SPACE@35..36 " "
    IDENT@36..37 "_"
    SPACE@37..38 " "
    EQUALS@38..39 "="
    SPACE@39..40 " "
    ELit@40..44
      LitBool@40..44
        TRUE_KW@40..44 "true"
  TopGlobal@44..61
    LINEFEED@44..45 "\n"
    GLOBAL_KW@45..51 "global"
    SPACE@51..52 " "
    IDENT@52..53 "_"
    SPACE@53..54 " "
    EQUALS@54..55 "="
    SPACE@55..56 " "
    ELit@56..61
      LitBool@56..61
        FALSE_KW@56..61 "false"
  TopGlobal@61..76
    LINEFEED@61..62 "\n"
    GLOBAL_KW@62..68 "global"
    SPACE@68..69 " "
    IDENT@69..70 "_"
    SPACE@70..71 " "
    EQUALS@71..72 "="
    SPACE@72..73 " "
    ELit@73..76
      LitFloat@73..76
        FLOAT_LIT@73..76 "0.0"
  TopGlobal@76..94
    LINEFEED@76..77 "\n"
    GLOBAL_KW@77..83 "global"
    SPACE@83..84 " "
    IDENT@84..85 "_"
    SPACE@85..86 " "
    EQUALS@86..87 "="
    SPACE@87..88 " "
    ELit@88..94
      LitFloat@88..94
        FLOAT_LIT@88..94 "0.1234"
  TopGlobal@94..115
    LINEFEED@94..95 "\n"
    GLOBAL_KW@95..101 "global"
    SPACE@101..102 " "
    IDENT@102..103 "_"
    SPACE@103..104 " "
    EQUALS@104..105 "="
    SPACE@105..106 " "
    ELit@106..115
      LitFloat@106..115
        FLOAT_LIT@106..115 "1234.1234"
