---
source: packages/frontend/tests/parser.rs
expression: output
input_file: packages/frontend/tests/passing/toplevel.nemo
---
global _ = v.x
global _ = v.x.y
global _ = v[0].y


// ---
Root@0..50
  TopGlobal@0..15
    LINEFEED@0..1 "\n"
    GLOBAL_KW@1..7 "global"
    SPACE@7..8 " "
    IDENT@8..9 "_"
    SPACE@9..10 " "
    EQUALS@10..11 "="
    SPACE@11..12 " "
    EStructIdx@12..15
      EVar@12..13
        IDENT@12..13 "v"
      DOT@13..14 "."
      IDENT@14..15 "x"
  TopGlobal@15..32
    LINEFEED@15..16 "\n"
    GLOBAL_KW@16..22 "global"
    SPACE@22..23 " "
    IDENT@23..24 "_"
    SPACE@24..25 " "
    EQUALS@25..26 "="
    SPACE@26..27 " "
    EStructIdx@27..32
      EStructIdx@27..30
        EVar@27..28
          IDENT@27..28 "v"
        DOT@28..29 "."
        IDENT@29..30 "x"
      DOT@30..31 "."
      IDENT@31..32 "y"
  TopGlobal@32..50
    LINEFEED@32..33 "\n"
    GLOBAL_KW@33..39 "global"
    SPACE@39..40 " "
    IDENT@40..41 "_"
    SPACE@41..42 " "
    EQUALS@42..43 "="
    SPACE@43..44 " "
    EStructIdx@44..50
      EArrayIdx@44..48
        EVar@44..45
          IDENT@44..45 "v"
        L_BRACKET@45..46 "["
        ELit@46..47
          LitInt@46..47
            INT_LIT@46..47 "0"
        R_BRACKET@47..48 "]"
      DOT@48..49 "."
      IDENT@49..50 "y"
