---
source: packages/frontend/tests/types.rs
expression: err_buf
input_file: packages/frontend/tests/type_errors/unknown_intrinsic.nemo
---
[08] Error: Unknown intrinsic @unknown with argcount: 0
   ╭─[source:2:1]
   │
 2 │   @unknown()
   │   ────┬───  
   │       ╰───── Unknown intrinsic @unknown with argcount: 0
───╯
