---
source: packages/frontend/tests/types.rs
expression: err_buf
input_file: packages/frontend/tests/type_errors/not_a_function.nemo
---
[16] Error: Can't a call a value of type i32 as a function
   ╭─[source:2:1]
   │
 3 │   x(0)
   │   ┬  
   │   ╰── Can't a call a value of type i32 as a function
───╯
